// Jest Snapshot v1, https://goo.gl/fbAQLP

exports[`<Masthead /> should render and match the snapshot 1`] = `
<ForwardRef(Masthead__Wrapper)>
  <Logos />
</ForwardRef(Masthead__Wrapper)>
`;
